this is a test doc file.
now updated.


g
TOSHIBA@DESKTOP-27T5VDS MINGW64 /d/test repository
$ git init
Initialized empty Git repository in D:/test repository/.git/

TOSHIBA@DESKTOP-27T5VDS MINGW64 /d/test repository (master)
$ git add tets.txt
fatal: pathspec 'tets.txt' did not match any files

TOSHIBA@DESKTOP-27T5VDS MINGW64 /d/test repository (master)
$ git add test.txt

TOSHIBA@DESKTOP-27T5VDS MINGW64 /d/test repository (master)
$ git commit -m "My First Task Done"
[master (root-commit) eba6556] My First Task Done
 1 file changed, 1 insertion(+)
 create mode 100644 test.txt

TOSHIBA@DESKTOP-27T5VDS MINGW64 /d/test repository (master)
$ git status
On branch master
nothing to commit, working tree clean

TOSHIBA@DESKTOP-27T5VDS MINGW64 /d/test repository (master)
$ https://github.com/Uttej1997/test_application.git
bash: https://github.com/Uttej1997/test_application.git: No such file or directory

TOSHIBA@DESKTOP-27T5VDS MINGW64 /d/test repository (master)
$ git status
On branch master
Changes not staged for commit:
  (use "git add <file>..." to update what will be committed)
  (use "git restore <file>..." to discard changes in working directory)
        modified:   test.txt

no changes added to commit (use "git add" and/or "git commit -a")

TOSHIBA@DESKTOP-27T5VDS MINGW64 /d/test repository (master)
$ git add .

TOSHIBA@DESKTOP-27T5VDS MINGW64 /d/test repository (master)
$ git status
On branch master
Changes to be committed:
  (use "git restore --staged <file>..." to unstage)
        modified:   test.txt


TOSHIBA@DESKTOP-27T5VDS MINGW64 /d/test repository (master)
$ git commit -m " Task Updated"
[master 4c42c45]  Task Updated
 1 file changed, 1 insertion(+)

TOSHIBA@DESKTOP-27T5VDS MINGW64 /d/test repository (master)
$ git status
On branch master
nothing to commit, working tree clean

TOSHIBA@DESKTOP-27T5VDS MINGW64 /d/test repository (master)
$ git push -u origin master
fatal: 'origin' does not appear to be a git repository
fatal: Could not read from remote repository.

Please make sure you have the correct access rights
and the repository exists.

TOSHIBA@DESKTOP-27T5VDS MINGW64 /d/test repository (master)
$ git remote add origin https://github.com/Uttej1997/new_test.git

TOSHIBA@DESKTOP-27T5VDS MINGW64 /d/test repository (master)
$ git push -u origin
fatal: The current branch master has no upstream branch.
To push the current branch and set the remote as upstream, use

    git push --set-upstream origin master


TOSHIBA@DESKTOP-27T5VDS MINGW64 /d/test repository (master)
$

TOSHIBA@DESKTOP-27T5VDS MINGW64 /d/test repository (master)
$ git remote add origin https://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@github.com/Uttej1997/new_test.git
error: remote origin already exists.

TOSHIBA@DESKTOP-27T5VDS MINGW64 /d/test repository (master)
$ git push origin master
Enumerating objects: 6, done.
Counting objects: 100% (6/6), done.
Delta compression using up to 4 threads
Compressing objects: 100% (2/2), done.
Writing objects: 100% (6/6), 492 bytes | 61.00 KiB/s, done.
Total 6 (delta 0), reused 0 (delta 0), pack-reused 0
To https://github.com/Uttej1997/new_test.git
 * [new branch]      master -> master
TOSHIBA@DESKTOP-27T5VDS MINGW64 /d/test repository (master)
$ git push origin master
Everything up-to-date

